  4011B0       23 Code                IEXE32_TEXT
  4011D4       AA Code                INIT_TEXT
  401280        D Code                INST00_TEXT
  401290    16106 Code                STRINGTHEORY_TEXT
  417398      951 Code                TZITEST001_TEXT
  417CEC       21 Code                TZITEST_TEXT
  418000       44 Initialized Data    IEXE32_DATA
  418044     13B2 Initialized Data    STRINGTHEORY_CONST
  4193F8      530 Initialized Data    STRINGTHEORY_DATA
  419928       1F Initialized Data    TZITEST001_CONST
  419948      2EA Initialized Data    TZITEST001_DATA
  419C34       14 Initialized Data    TZITE_SF_CONST
  419C48        0 Initialized Data    __CPPINI_CONS
  419C48       A8 Initialized Data    __CPPINI_CONST
  419CF0        4 Initialized Data    __CPPINI_END
  419CF4        0 Initialized Data    __INIVMT_CONS
  419CF4        8 Initialized Data    __INIVMT_CONST
  419CFC        0 Initialized Data    __INIVMT_CONST_END
  419D00       1C Un-initialized Data STRINGTHEORY_BSS
  419D1C        0 Un-initialized Data TZITEST001_BSS
  41A000        8 __T_L_S__DAT
  41A008        0 __T_L_S__DATA_END
  41A010        0 __T_L_S__BS
  41A010      20C __T_L_S__BSS
  41A21C        0 __T_L_S__BSS_END

  401280 __thr_inst0
  401C04 ENDSWITH@F12STRINGTHEORYsbll
  401D7C STARTSWITH@F12STRINGTHEORYsbll
  401ED8 FORMATTIME@F12STRINGTHEORYlsb
  402D50 FORMATTIME@F12STRINGTHEORYsb
  402E28 DEFORMATTIME@F12STRINGTHEORY
  40352C DEFORMATTIME@F12STRINGTHEORYsb
  4035D8 ISTIME@F12STRINGTHEORY
  4036E8 ISTIME@F12STRINGTHEORYsb
  40378C LINEENDINGS@F12STRINGTHEORYl
  4039A0 MERGEXML@F12STRINGTHEORYsbl
  403CC0 GUNZIP@F12STRINGTHEORY
  404074 GZIP@F12STRINGTHEORYl
  404438 LOADLIBS@F12STRINGTHEORY
  4045F0 PEEKRAM@F12STRINGTHEORYUll
  40479C CLEANFILENAME@F12STRINGTHEORYOsbOsb
  4049B8 URLDECODE@F12STRINGTHEORYOsbOsb
  404EDC URLENCODE@F12STRINGTHEORYlOsbOsb
  4055D8 COLORFROMHEX@F12STRINGTHEORYsb
  405788 COLORTOHEX@F12STRINGTHEORYll
  405848 FINDCHARS@F12STRINGTHEORYsbllOsb
  405900 FINDCHARS@F12STRINGTHEORYRsbllOsb
  405A58 FINDCHAR@F12STRINGTHEORYsbllOsb
  405B78 UNQUOTE@F12STRINGTHEORYOsbOsb
  405CE4 QUOTE@F12STRINGTHEORYOsbOsb
  405F10 INSERT@F12STRINGTHEORYlsb
  406110 SETSLICE@F12STRINGTHEORYUlUlsb
  40628C STR@F12STRINGTHEORYRsb
  406338 STR@F12STRINGTHEORYsb
  4063E8 STR@F12STRINGTHEORY
  406474 REVERSEBYTEORDER@F12STRINGTHEORY
  406568 LITTLEENDIAN@F12STRINGTHEORYUl
  4065A0 BIGENDIAN@F12STRINGTHEORYUl
  4065D8 SWITCHENDIAN@F12STRINGTHEORYUl
  406624 KEEPCHARS@F12STRINGTHEORYsb
  40677C REMOVECHARS@F12STRINGTHEORYsb
  4068DC ISALL@F12STRINGTHEORYsbOsbl
  406A44 CONTAINSA@F12STRINGTHEORYsbOsbl
  406C18 ISALLDIGITS@F12STRINGTHEORY
  406C70 CONTAINSADIGIT@F12STRINGTHEORY
  406CC8 SQUEEZE@F12STRINGTHEORYl
  406E80 SETALL@F12STRINGTHEORYl
  406F28 ALL@F12STRINGTHEORYl
  406FCC SETRIGHT@F12STRINGTHEORYllOsb
  40705C RIGHT@F12STRINGTHEORYllOsb
  4072CC SETLEFT@F12STRINGTHEORYllOsb
  40735C LEFT@F12STRINGTHEORYllOsb
  4075E8 TRIM@F12STRINGTHEORY
  407678 CLIP@F12STRINGTHEORY
  4076CC REMOVE@F12STRINGTHEORYsbOsblll
  407920 HTMLENTITYTODEC@F12STRINGTHEORY
  40972C REMOVEATTRIBUTES@F12STRINGTHEORYsb
  4098F0 COUNTWORDS@F12STRINGTHEORYll
  40999C WORDEND@F12STRINGTHEORYll
  409D00 WORDSTART@F12STRINGTHEORYlll
  409FD0 WORD@F12STRINGTHEORYlll
  40A034 GETWORD@F12STRINGTHEORYlll
  40A098 FINDWORD@F12STRINGTHEORYlllRlRl
  40A2F8 GETBYTES@F12STRINGTHEORYRusb
  40A854 SETBYTES@F12STRINGTHEORYRusb
  40ACF8 GETBYTES@F12STRINGTHEORYRsp
  40AD94 GETBYTES@F12STRINGTHEORYRsb
  40AE30 GETBYTES@F12STRINGTHEORYRsc
  40AECC GETBYTES@F12STRINGTHEORYRe
  40AF74 GETBYTES@F12STRINGTHEORYRd
  40B004 GETBYTES@F12STRINGTHEORYRf
  40B094 GETBYTES@F12STRINGTHEORYRUl
  40B124 GETBYTES@F12STRINGTHEORYRl
  40B1B4 GETBYTES@F12STRINGTHEORYRUs
  40B244 GETBYTES@F12STRINGTHEORYRs
  40B2D4 GETBYTES@F12STRINGTHEORYRUc
  40B364 SETBYTES@F12STRINGTHEORYRsp
  40B3B8 SETBYTES@F12STRINGTHEORYRsb
  40B3FC SETBYTES@F12STRINGTHEORYRsc
  40B448 SETBYTES@F12STRINGTHEORYRe
  40B4B8 SETBYTES@F12STRINGTHEORYRd
  40B4F8 SETBYTES@F12STRINGTHEORYRf
  40B538 SETBYTES@F12STRINGTHEORYRUl
  40B578 SETBYTES@F12STRINGTHEORYRl
  40B5B8 SETBYTES@F12STRINGTHEORYRUs
  40B5F8 SETBYTES@F12STRINGTHEORYRs
  40B638 SETBYTES@F12STRINGTHEORYRUc
  40B678 FROMBYTES@F12STRINGTHEORYRsbRsp
  40B75C FROMBYTES@F12STRINGTHEORYRsbRsb
  40B834 FROMBYTES@F12STRINGTHEORYRsbRsc
  40B908 FROMBYTES@F12STRINGTHEORYRsbRe
  40B9C0 FROMBYTES@F12STRINGTHEORYRsbRd
  40BA68 FROMBYTES@F12STRINGTHEORYRsbRf
  40BB10 FROMBYTES@F12STRINGTHEORYRsbRUl
  40BBB8 FROMBYTES@F12STRINGTHEORYRsbRl
  40BC60 FROMBYTES@F12STRINGTHEORYRsbRUs
  40BD04 FROMBYTES@F12STRINGTHEORYRsbRs
  40BDA8 FROMBYTES@F12STRINGTHEORYRsbRUc
  40BE4C TOBYTES@F12STRINGTHEORYRsbRsb
  40BF14 TOBYTES@F12STRINGTHEORYRscRsb
  40BFDC TOBYTES@F12STRINGTHEORYReRsb
  40C060 TOBYTES@F12STRINGTHEORYRdRsb
  40C114 TOBYTES@F12STRINGTHEORYRfRsb
  40C1C8 TOBYTES@F12STRINGTHEORYRUlRsb
  40C27C TOBYTES@F12STRINGTHEORYRlRsb
  40C330 TOBYTES@F12STRINGTHEORYRUsRsb
  40C3E4 TOBYTES@F12STRINGTHEORYRsRsb
  40C498 TOBYTES@F12STRINGTHEORYRUcRsb
  40C54C STRCPY@F12STRINGTHEORYRsbRsbl
  40C628 WRAPTEXT@F12STRINGTHEORYl
  40C860 FROMHEX@F12STRINGTHEORY
  40C9E0 TOHEX@F12STRINGTHEORYl
  40CB6C HEXTOSTRING@F12STRINGTHEORYsb
  40CCF8 STRINGTOHEX@F12STRINGTHEORYsbll
  40CE60 LONGTOHEX@F12STRINGTHEORYl
  40CF18 HEXTOBYTE@F12STRINGTHEORYsb
  40CFA0 BYTETOHEX@F12STRINGTHEORYUc
  40D02C BASETODEC@F12STRINGTHEORYsbl
  40D144 DECTOBASE@F12STRINGTHEORYlll
  40D2A0 DECODEHEXINLINE@F12STRINGTHEORYsblUl
  40D494 DECODEHEXINLINE@F12STRINGTHEORYUl
  40D50C TOUNICODE@F12STRINGTHEORYlUl
  40D714 TOANSI@F12STRINGTHEORYlUl
  40D954 APIANSITOUTF8@F12STRINGTHEORYRsbRl
  40D9B0 APIUTF8TOANSI@F12STRINGTHEORYRsbRl
  40DA0C ANSITOUTF8@F12STRINGTHEORYRsbRlUl
  40DB0C UTF8TOANSI@F12STRINGTHEORYRsbRlUl
  40DBEC UTF16TO8@F12STRINGTHEORYRsbRll
  40DD80 UTF8TO16@F12STRINGTHEORYRsbRl
  40DEDC UTF16TOANSI@F12STRINGTHEORYRsbRllUl
  40E03C ANSITOUTF16@F12STRINGTHEORYRsbRlUl
  40E1A4 FROMBLOB@F12STRINGTHEORYBb
  40E2C4 TOBLOB@F12STRINGTHEORYBb
  40E418 AFTER@F12STRINGTHEORYsblll
  40E520 FINDBETWEEN@F12STRINGTHEORYsbsbRlRlll
  40E75C BETWEEN@F12STRINGTHEORYsbsbllll
  40E7EC BEFORE@F12STRINGTHEORYsblll
  40E8B8 SAVEFILEA@F12STRINGTHEORYsbsbl
  40E930 SAVEFILE@F12STRINGTHEORYRsbsbll
  40EB9C SAVEFILE@F12STRINGTHEORYsbl
  40ECA4 LOADFILE@F12STRINGTHEORYsbll
  40F048 PATHONLY@F12STRINGTHEORYOsb
  40F1DC FILENAMEONLY@F12STRINGTHEORYOsbl
  40F630 LOWER@F12STRINGTHEORYOsbOsb
  40F88C UPPER@F12STRINGTHEORYOsbOsb
  40FAE8 TRACE@F12STRINGTHEORYOsb
  40FC68 TOCSTRING@F12STRINGTHEORY
  40FD90 SUB@F12STRINGTHEORYUlUl
  40FF60 FILTER@F12STRINGTHEORYsbsb
  4100EC SPLITEVERY@F12STRINGTHEORYl
  410280 SORT@F12STRINGTHEORYl
  4102F0 SORT@F12STRINGTHEORYlsbOsbOsbll
  4103F4 SPLIT@F12STRINGTHEORYsbOsbOsblllOsbl
  410FE8 SLICE@F12STRINGTHEORYUlUl
  411120 SETLENGTH@F12STRINGTHEORYll
  411324 REPLACE@F12STRINGTHEORYsbsblllll
  4120C0 RECORDS@F12STRINGTHEORY
  4120F8 RANDOM@F12STRINGTHEORYllOsb
  412664 PREPEND@F12STRINGTHEORYsblOsb
  412954 MD5@F12STRINGTHEORY
  4129E0 _MALLOC@F12STRINGTHEORYlll
  412BB4 LEN@F12STRINGTHEORY
  412BE4 LENGTHA@F12STRINGTHEORY
  412C14 LENGTH@F12STRINGTHEORY
  412D14 _JOINA@F12STRINGTHEORYsbOsbOsb
  413334 JOIN@F12STRINGTHEORYsbOsbOsb
  413BF4 REMOVELINES@F12STRINGTHEORYOsb
  413D0C DELETELINE@F12STRINGTHEORYl
  413D98 ADDLINE@F12STRINGTHEORYlsb
  413EBC SETLINE@F12STRINGTHEORYlsb
  414034 INLINE@F12STRINGTHEORYsblllll
  4141F8 GETBUFFERLENGTH@F12STRINGTHEORY
  414230 GETLINE@F12STRINGTHEORYl
  41433C GETVAL@F12STRINGTHEORY
  41436C GETVALUE@F12STRINGTHEORYl
  41454C GETVALUE@F12STRINGTHEORY
  4146AC FORMATMESSAGE@F12STRINGTHEORYl
  414728 EXTENSIONONLY@F12STRINGTHEORYOsb
  414920 ERRORTRAP@F12STRINGTHEORYsbsb
  414A44 CAPITALIZE@F12STRINGTHEORYlll
  414C34 COUNT@F12STRINGTHEORYsbllllll
  414DE0 INSTRING@F12STRINGTHEORYsblllll
  4150B8 CROP@F12STRINGTHEORYUlUl
  41510C CLIPLENGTH@F12STRINGTHEORY
  41518C CLIPLEN@F12STRINGTHEORY
  4151B8 FREELINES@F12STRINGTHEORY
  415238 FREE@F12STRINGTHEORYll
  415300 ENCODEDWORDENCODE@F12STRINGTHEORYOsbl
  4154E8 ENCODEDWORDDECODE@F12STRINGTHEORY
  415968 BASE64DECODE@F12STRINGTHEORYRsbRl
  415BE8 BASE64DECODE@F12STRINGTHEORY
  415C7C BASE64ENCODE@F12STRINGTHEORYRsbRl
  4161AC BASE64ENCODE@F12STRINGTHEORYl
  416380 SETVALUE@F12STRINGTHEORYRsbl
  4165E4 GETVALUEPTR@F12STRINGTHEORY
  41667C ABBREVIATE@F12STRINGTHEORYlll
  416830 ASSIGN@F12STRINGTHEORYsb
  416878 ASSIGN@F12STRINGTHEORYRsb
  4168BC _SETVALUEPOINTER@F12STRINGTHEORYllll
  4169A0 _GETNEXTBUFFERSIZE@F12STRINGTHEORYl
  416A24 SETVALUE@F12STRINGTHEORYsbl
  416A70 APPEND@F12STRINGTHEORYsblOsb
  416F14 APPENDBINARY@F12STRINGTHEORYll
  41702C APPENDA@F12STRINGTHEORYsblOsb
  4170D4 CONSTRUCT@F12STRINGTHEORY
  417144 DESTRUCT@F12STRINGTHEORY
  4171A8 SORTCASEINSENSITIVE@F14LINESGROUPTYPE14LINESGROUPTYPE
  41726C SORTLENGTH@F14LINESGROUPTYPE14LINESGROUPTYPE
  41731C SORTCASESENSITIVE@F14LINESGROUPTYPE14LINESGROUPTYPE
  4178E8 MAIN@F
  417CEC _main
  419528 TYPE$STRINGTHEORY
  419604 VMT$STRINGTHEORY
  419CF4 VMTP$STRINGTHEORY
  419D00 $HZLIB
  419D04 stDeflateInit2_
  419D08 stDeflate
  419D0C stDeflateEnd
  419D10 stInflateInit2_
  419D14 stInflate
  419D18 stInflateEnd
  41A010 $GLOBALREQUEST
  41A014 $GLOBALRESPONSE
  41A018 $VCRREQUEST
  41A01C TZITE_RU$HOLDPOSITION
  41B000 __import_section_start
  41BE14 __import_section_end

Imports
ClaRUN.dll:Cla$ADDqueue 41B204
ClaRUN.dll:Cla$ADDqueueptr 41B208
ClaRUN.dll:Cla$AssertFailedM 41B20C
ClaRUN.dll:Cla$AssignLong2RefUfo 41B210
ClaRUN.dll:Cla$AssignReal2RefUfo 41B214
ClaRUN.dll:Cla$AssignRefUfo 41B218
ClaRUN.dll:Cla$BEEP 41B21C,401000
ClaRUN.dll:Cla$BLOB_GET_PROPERTY 41B220
ClaRUN.dll:Cla$BLOB_SET_PROPERTY 41B224
ClaRUN.dll:Cla$BLOB_TAKE 41B228
ClaRUN.dll:Cla$BLOB_YIELD 41B22C
ClaRUN.dll:Cla$CLEAR 41B230
ClaRUN.dll:Cla$clearstr 41B234
ClaRUN.dll:Cla$CLOSEwindow 41B238,401008
ClaRUN.dll:Cla$code 41B23C
ClaRUN.dll:Cla$COMMAND 41B240,401010
ClaRUN.dll:Cla$comparestr 41B244
ClaRUN.dll:Cla$DecAdd 41B248
ClaRUN.dll:Cla$DecDistinct 41B24C
ClaRUN.dll:Cla$DecDivide 41B250
ClaRUN.dll:Cla$DecMul 41B254
ClaRUN.dll:Cla$DecSub 41B258
ClaRUN.dll:Cla$DELETEqueue 41B25C,401018
ClaRUN.dll:Cla$DInt 41B260
ClaRUN.dll:Cla$DISPLAY 41B264,401020
ClaRUN.dll:Cla$DISPOSEqueue 41B268
ClaRUN.dll:Cla$DPopDec 41B26C
ClaRUN.dll:Cla$DPopLong 41B270
ClaRUN.dll:Cla$DPopReal 41B274
ClaRUN.dll:Cla$DPopUlong 41B278
ClaRUN.dll:Cla$DPushConstant 41B27C
ClaRUN.dll:Cla$DPushLong 41B280
ClaRUN.dll:Cla$DPushULong 41B284
ClaRUN.dll:Cla$duplicate 41B288
ClaRUN.dll:Cla$EndEventLoop 41B28C
ClaRUN.dll:Cla$EndEventLoops 41B290
ClaRUN.dll:Cla$ERRORCODE 41B294,401028
ClaRUN.dll:Cla$EVENT 41B298,401030
ClaRUN.dll:Cla$FIELD 41B29C,401038
ClaRUN.dll:Cla$FREEqueuea 41B2A0,401040
ClaRUN.dll:Cla$freestr 41B2A4
ClaRUN.dll:Cla$FreeUfo 41B2A8
ClaRUN.dll:Cla$freewindow 41B2AC
ClaRUN.dll:Cla$GetPropS 41B2B0
ClaRUN.dll:Cla$GETqueueptr 41B2B4
ClaRUN.dll:Cla$init 41B2B8
ClaRUN.dll:Cla$IsAlpha 41B2BC,401048
ClaRUN.dll:Cla$isftoupper 41B2C0,401050
ClaRUN.dll:Cla$KEYCODE 41B2C4,401058
ClaRUN.dll:Cla$MessageBox 41B2C8,401060
ClaRUN.dll:Cla$modulus 41B2CC
ClaRUN.dll:Cla$NewMemB 41B2D0
ClaRUN.dll:Cla$NewMemZ 41B2D4
ClaRUN.dll:Cla$NEWqueue 41B2D8
ClaRUN.dll:Cla$OPENwindow 41B2DC,401068
ClaRUN.dll:Cla$PEEK 41B2E0
ClaRUN.dll:Cla$PopBind 41B2E4,401070
ClaRUN.dll:Cla$PopCString 41B2E8
ClaRUN.dll:Cla$PopString 41B2EC
ClaRUN.dll:Cla$PopTemp 41B2F0
ClaRUN.dll:Cla$POST 41B2F4,401078
ClaRUN.dll:Cla$PushBind 41B2F8,401080
ClaRUN.dll:Cla$PushCString 41B2FC
ClaRUN.dll:Cla$PushLong 41B300
ClaRUN.dll:Cla$PushReal 41B304
ClaRUN.dll:Cla$PushString 41B308
ClaRUN.dll:Cla$PushTemp 41B30C
ClaRUN.dll:Cla$PushUfo 41B310
ClaRUN.dll:Cla$PUTqueue 41B314
ClaRUN.dll:Cla$pwopen 41B318,401088
ClaRUN.dll:Cla$RANDOM 41B31C,401090
ClaRUN.dll:Cla$RECORDSqueue 41B320,401098
ClaRUN.dll:Cla$SELECT 41B324,4010A0
ClaRUN.dll:Cla$SETKEYCODE 41B328,4010A8
ClaRUN.dll:Cla$SORTqueuefkey 41B32C
ClaRUN.dll:Cla$Stack2DStack 41B330
ClaRUN.dll:Cla$Stack2Ufo 41B334
ClaRUN.dll:Cla$StackALL 41B338,4010B0
ClaRUN.dll:Cla$StackCLIP 41B33C,4010B8
ClaRUN.dll:Cla$StackCompare 41B340
ClaRUN.dll:Cla$StackCompareN 41B344
ClaRUN.dll:Cla$StackCompareNEQ 41B348
ClaRUN.dll:Cla$StackConcat 41B34C
ClaRUN.dll:Cla$StackConcatR 41B350
ClaRUN.dll:Cla$StackFORMAT2 41B354
ClaRUN.dll:Cla$StackHeap 41B358
ClaRUN.dll:Cla$StackINSTRING 41B35C,4010C0
ClaRUN.dll:Cla$StackLEFT 41B360,4010C8
ClaRUN.dll:Cla$StackLen 41B364,4010D0
ClaRUN.dll:Cla$StackLOWER 41B368,4010D8
ClaRUN.dll:Cla$StackRIGHT 41B36C,4010E0
ClaRUN.dll:Cla$StackRotate 41B370
ClaRUN.dll:Cla$StackSUB 41B374,4010E8
ClaRUN.dll:Cla$StackUPPER 41B378,4010F0
ClaRUN.dll:Cla$StackVAL 41B37C
ClaRUN.dll:Cla$StartEventLoop 41B380
ClaRUN.dll:Cla$storecstr 41B384
ClaRUN.dll:Cla$storepstr 41B388
ClaRUN.dll:Cla$storestr 41B38C
ClaRUN.dll:Cla$String2Ref 41B390
ClaRUN.dll:Cla$THREAD 41B394,4010F8
ClaRUN.dll:Cla$Ufo2Real 41B398
ClaRUN.dll:THR$GetInstance 41B39C,401100
ClaRUN.dll:_exit 41B3A0,401108
ClaRUN.dll:_free 41B3A4
ClaRUN.dll:_malloc 41B3A8
ClaRUN.dll:_memchr 41B3AC,401110
ClaRUN.dll:_memcmp 41B3B0,401118
ClaRUN.dll:__a_chkstk 41B3B4,401120
ClaRUN.dll:__e_index 41B3B8,401128
ClaRUN.dll:__e_stack 41B3BC,401130
ClaRUN.dll:__sysinit 41B3C0,401138
ClaRUN.dll:__sysstart 41B3C4,401140
KERNEL32.dll:CloseHandle 41B404,401148
KERNEL32.dll:CreateFileA 41B408,401150
KERNEL32.dll:FormatMessageA 41B40C,401158
KERNEL32.dll:GetFileSize 41B410,401160
KERNEL32.dll:GetLastError 41B414,401168
KERNEL32.dll:GetProcAddress 41B418,401170
KERNEL32.dll:LoadLibraryA 41B41C,401178
KERNEL32.dll:MultiByteToWideChar 41B420,401180
KERNEL32.dll:OutputDebugStringA 41B424,401188
KERNEL32.dll:ReadFile 41B428,401190
KERNEL32.dll:SetFilePointer 41B42C,401198
KERNEL32.dll:WideCharToMultiByte 41B430,4011A0
KERNEL32.dll:WriteFile 41B434,4011A8



Entry Point:   4011B0